students@DESKTOP-2RFAF89 MINGW64 ~
$ git --version
git version 2.41.0.windows.3

students@DESKTOP-2RFAF89 MINGW64 ~
$ mkdir test1

students@DESKTOP-2RFAF89 MINGW64 ~
$ cdtest1
bash: cdtest1: command not found

students@DESKTOP-2RFAF89 MINGW64 ~
$ cd test1

students@DESKTOP-2RFAF89 MINGW64 ~/test1
$ git init
Initialized empty Git repository in C:/Users/students/test1/.git/

students@DESKTOP-2RFAF89 MINGW64 ~/test1 (master)
$ git add test1.txt
fatal: pathspec 'test1.txt' did not match any files

students@DESKTOP-2RFAF89 MINGW64 ~/test1 (master)
$ git add hello.txt

students@DESKTOP-2RFAF89 MINGW64 ~/test1 (master)
$ git commit -m
error: switch `m' requires a value

students@DESKTOP-2RFAF89 MINGW64 ~/test1 (master)
$ git commit -m "connectg.."
[master (root-commit) c74e7a0] connectg..
 1 file changed, 1 insertion(+)
 create mode 100644 hello.txt

students@DESKTOP-2RFAF89 MINGW64 ~/test1 (master)
$ git config --global useremail darshanlanghi9960@gmail.com
error: key does not contain a section: useremail

students@DESKTOP-2RFAF89 MINGW64 ~/test1 (master)
$ git config --global useremaildarshanlanghi9960@gmail.com
error: invalid key: useremaildarshanlanghi9960@gmail.com

students@DESKTOP-2RFAF89 MINGW64 ~/test1 (master)
$ git config --global user.email darshanlanghi9960@gmail.com

students@DESKTOP-2RFAF89 MINGW64 ~/test1 (master)
$ git config --global user.name L3PRNK

students@DESKTOP-2RFAF89 MINGW64 ~/test1 (master)
$ git remote add origin
usage: git remote add [<options>] <name> <url>

    -f, --fetch           fetch the remote branches
    --tags                import all tags and associated objects when fetching
                          or do not fetch any tag at all (--no-tags)
    -t, --track <branch>  branch(es) to track
    -m, --master <branch>
                          master branch
    --mirror[=(push|fetch)]
                          set up remote as a mirror to push to or fetch from


students@DESKTOP-2RFAF89 MINGW64 ~/test1 (master)
$ git push origin master
fatal: 'origin' does not appear to be a git repository
fatal: Could not read from remote repository.

Please make sure you have the correct access rights
and the repository exists.

students@DESKTOP-2RFAF89 MINGW64 ~/test1 (master)
$ git remote add origin https://github.com/L3PRNK/devops.git

students@DESKTOP-2RFAF89 MINGW64 ~/test1 (master)
$ git push origin master
info: please complete authentication in your browser...
Enumerating objects: 3, done.
Counting objects: 100% (3/3), done.
Writing objects: 100% (3/3), 230 bytes | 230.00 KiB/s, done.
Total 3 (delta 0), reused 0 (delta 0), pack-reused 0
To https://github.com/L3PRNK/devops.git
 * [new branch]      master -> master

students@DESKTOP-2RFAF89 MINGW64 ~/test1 (master)
$ git push origin master
Everything up-to-date

students@DESKTOP-2RFAF89 MINGW64 ~/test1 (master)
$ git branch question

students@DESKTOP-2RFAF89 MINGW64 ~/test1 (master)
$ git checkout question
Switched to branch 'question'

students@DESKTOP-2RFAF89 MINGW64 ~/test1 (question)
$ touch demo.txt

students@DESKTOP-2RFAF89 MINGW64 ~/test1 (question)
$ git status
On branch question
Untracked files:
  (use "git add <file>..." to include in what will be committed)
        demo.txt

nothing added to commit but untracked files present (use "git add" to track)

students@DESKTOP-2RFAF89 MINGW64 ~/test1 (question)
$ git remote add origin https://github.com/L3PRNK/devops.git
error: remote origin already exists.

students@DESKTOP-2RFAF89 MINGW64 ~/test1 (question)
$ git push origin master
Everything up-to-date

students@DESKTOP-2RFAF89 MINGW64 ~/test1 (question)
$ git add
Nothing specified, nothing added.
hint: Maybe you wanted to say 'git add .'?
hint: Turn this message off by running
hint: "git config advice.addEmptyPathspec false"

students@DESKTOP-2RFAF89 MINGW64 ~/test1 (question)
$ git add demo.txt

students@DESKTOP-2RFAF89 MINGW64 ~/test1 (question)
$ git push origin master
Everything up-to-date

students@DESKTOP-2RFAF89 MINGW64 ~/test1 (question)
$ git commit -m 'darshan'
[question 804aa67] darshan
 1 file changed, 0 insertions(+), 0 deletions(-)
 create mode 100644 demo.txt

students@DESKTOP-2RFAF89 MINGW64 ~/test1 (question)
$ git push -u orgin question
fatal: 'orgin' does not appear to be a git repository
fatal: Could not read from remote repository.

Please make sure you have the correct access rights
and the repository exists.

students@DESKTOP-2RFAF89 MINGW64 ~/test1 (question)
$ git push -u orgin question
fatal: 'orgin' does not appear to be a git repository
fatal: Could not read from remote repository.

Please make sure you have the correct access rights
and the repository exists.

students@DESKTOP-2RFAF89 MINGW64 ~/test1 (question)
$ git checkout master
Switched to branch 'master'

students@DESKTOP-2RFAF89 MINGW64 ~/test1 (master)
$ git push -u origin question
Enumerating objects: 4, done.
Counting objects: 100% (4/4), done.
Delta compression using up to 4 threads
Compressing objects: 100% (2/2), done.
Writing objects: 100% (3/3), 272 bytes | 272.00 KiB/s, done.
Total 3 (delta 0), reused 0 (delta 0), pack-reused 0
remote:
remote: Create a pull request for 'question' on GitHub by visiting:
remote:      https://github.com/L3PRNK/devops/pull/new/question
remote:
To https://github.com/L3PRNK/devops.git
 * [new branch]      question -> question
branch 'question' set up to track 'origin/question'.

students@DESKTOP-2RFAF89 MINGW64 ~/test1 (master)
$ git merge question'
> git merge question
>
>
> ``
> ^C

students@DESKTOP-2RFAF89 MINGW64 ~/test1 (master)
$ git merge question'
git merge question


``^C

students@DESKTOP-2RFAF89 MINGW64 ~/test1 (master)
$ git merge question
Updating c74e7a0..804aa67
Fast-forward
 demo.txt | 0
 1 file changed, 0 insertions(+), 0 deletions(-)
 create mode 100644 demo.txt

students@DESKTOP-2RFAF89 MINGW64 ~/test1 (master)
$ git push -u orgin master
fatal: 'orgin' does not appear to be a git repository
fatal: Could not read from remote repository.

Please make sure you have the correct access rights
and the repository exists.

students@DESKTOP-2RFAF89 MINGW64 ~/test1 (master)
$ git push -u origin question
Everything up-to-date
branch 'question' set up to track 'origin/question'.

students@DESKTOP-2RFAF89 MINGW64 ~/test1 (master)
$ git push -u origin master
Total 0 (delta 0), reused 0 (delta 0), pack-reused 0
To https://github.com/L3PRNK/devops.git
   c74e7a0..804aa67  master -> master
branch 'master' set up to track 'origin/master'.

students@DESKTOP-2RFAF89 MINGW64 ~/test1 (master)
$ git branch -d question
Deleted branch question (was 804aa67).

students@DESKTOP-2RFAF89 MINGW64 ~/test1 (master)
$ git push origin --delete question
To https://github.com/L3PRNK/devops.git
 - [deleted]         question

students@DESKTOP-2RFAF89 MINGW64 ~/test1 (master)
$ 
